error: coercing `&std::boxed::Box<dyn std::any::Any>` to `&dyn Any` rather than dereferencing to the `dyn Any` inside
  --> tests/ui/coerce_any_ref_to_any.rs:9:7
   |
LL |     f(&x);
   |       ^^ help: consider dereferencing: `&*x`
   |
   = note: `-D clippy::coerce-any-ref-to-any` implied by `-D warnings`
   = help: to override `-D warnings` add `#[allow(clippy::coerce_any_ref_to_any)]`

error: coercing `&std::boxed::Box<dyn std::any::Any>` to `&dyn Any` rather than dereferencing to the `dyn Any` inside
  --> tests/ui/coerce_any_ref_to_any.rs:12:7
   |
LL |     f(ref_x);
   |       ^^^^^ help: consider dereferencing: `&**ref_x`

error: coercing `&std::boxed::Box<dyn std::any::Any>` to `&dyn Any` rather than dereferencing to the `dyn Any` inside
  --> tests/ui/coerce_any_ref_to_any.rs:15:23
   |
LL |     let _: &dyn Any = &x;
   |                       ^^ help: consider dereferencing: `&*x`

error: aborting due to 3 previous errors

